ERROR:    Exception in ASGI application
Traceback (most recent call last):
  File "C:\Users\BM\AppData\Local\Programs\Python\Python313\Lib\site-packages\uvicorn\protocols\http\h11_impl.py", line 415, in run_asgi
    result = await app(  # type: ignore[func-returns-value]
             ^^^^^^^^^^^^^^^^^^^^^^^^^^^^^^^^^^^^^^^^^^^^^^
        self.scope, self.receive, self.send
        ^^^^^^^^^^^^^^^^^^^^^^^^^^^^^^^^^^^
    )
    ^
  File "C:\Users\BM\AppData\Local\Programs\Python\Python313\Lib\site-packages\uvicorn\middleware\proxy_headers.py", line 60, in __call__
    return await self.app(scope, receive, send)
           ^^^^^^^^^^^^^^^^^^^^^^^^^^^^^^^^^^^^
  File "C:\Users\BM\AppData\Local\Programs\Python\Python313\Lib\site-packages\fastapi\applications.py", line 1159, in __call__
    await super().__call__(scope, receive, send)
  File "C:\Users\BM\AppData\Local\Programs\Python\Python313\Lib\site-packages\starlette\applications.py", line 90, in __call__
    await self.middleware_stack(scope, receive, send)
  File "C:\Users\BM\AppData\Local\Programs\Python\Python313\Lib\site-packages\starlette\middleware\errors.py", line 186, in __call__
    raise exc
  File "C:\Users\BM\AppData\Local\Programs\Python\Python313\Lib\site-packages\starlette\middleware\errors.py", line 164, in __call__
    await self.app(scope, receive, _send)
  File "C:\Users\BM\AppData\Local\Programs\Python\Python313\Lib\site-packages\chainlit\server.py", line 254, in __call__
    await self.app(scope, receive, send)
  File "C:\Users\BM\AppData\Local\Programs\Python\Python313\Lib\site-packages\starlette\middleware\cors.py", line 96, in __call__
    await self.simple_response(scope, receive, send, request_headers=headers)
  File "C:\Users\BM\AppData\Local\Programs\Python\Python313\Lib\site-packages\starlette\middleware\cors.py", line 154, in simple_response
    await self.app(scope, receive, send)
  File "C:\Users\BM\AppData\Local\Programs\Python\Python313\Lib\site-packages\starlette\middleware\exceptions.py", line 63, in __call__
    await wrap_app_handling_exceptions(self.app, conn)(scope, receive, send)
  File "C:\Users\BM\AppData\Local\Programs\Python\Python313\Lib\site-packages\starlette\_exception_handler.py", line 53, in wrapped_app
    raise exc
  File "C:\Users\BM\AppData\Local\Programs\Python\Python313\Lib\site-packages\starlette\_exception_handler.py", line 42, in wrapped_app
    await app(scope, receive, sender)
  File "C:\Users\BM\AppData\Local\Programs\Python\Python313\Lib\site-packages\fastapi\middleware\asyncexitstack.py", line 18, in __call__
    await self.app(scope, receive, send)
  File "C:\Users\BM\AppData\Local\Programs\Python\Python313\Lib\site-packages\starlette\routing.py", line 660, in __call__
    await self.middleware_stack(scope, receive, send)
  File "C:\Users\BM\AppData\Local\Programs\Python\Python313\Lib\site-packages\starlette\routing.py", line 680, in app
    await route.handle(scope, receive, send)
  File "C:\Users\BM\AppData\Local\Programs\Python\Python313\Lib\site-packages\starlette\routing.py", line 448, in handle
    await self.app(scope, receive, send)
  File "C:\Users\BM\AppData\Local\Programs\Python\Python313\Lib\site-packages\engineio\async_drivers\asgi.py", line 68, in __call__
    await self.engineio_server.handle_request(scope, receive, send)
  File "C:\Users\BM\AppData\Local\Programs\Python\Python313\Lib\site-packages\socketio\async_server.py", line 454, in handle_request
    return await self.eio.handle_request(*args, **kwargs)
           ^^^^^^^^^^^^^^^^^^^^^^^^^^^^^^^^^^^^^^^^^^^^^^
  File "C:\Users\BM\AppData\Local\Programs\Python\Python313\Lib\site-packages\engineio\async_server.py", line 328, in handle_request
    socket = self._get_socket(sid)
  File "C:\Users\BM\AppData\Local\Programs\Python\Python313\Lib\site-packages\engineio\base_server.py", line 242, in _get_socket
    raise KeyError('Session is disconnected')
KeyError: 'Session is disconnected'
